// Jest Snapshot v1, https://goo.gl/fbAQLP

exports[`Button renders correctly with given props 1`] = `
<View
  accessibilityState={
    {
      "busy": undefined,
      "checked": undefined,
      "disabled": undefined,
      "expanded": undefined,
      "selected": undefined,
    }
  }
  accessibilityValue={
    {
      "max": undefined,
      "min": undefined,
      "now": undefined,
      "text": undefined,
    }
  }
  accessible={true}
  collapsable={false}
  focusable={true}
  onBlur={[Function]}
  onClick={[Function]}
  onFocus={[Function]}
  onResponderGrant={[Function]}
  onResponderMove={[Function]}
  onResponderRelease={[Function]}
  onResponderTerminate={[Function]}
  onResponderTerminationRequest={[Function]}
  onStartShouldSetResponder={[Function]}
  style={
    [
      {
        "alignItems": "center",
        "backgroundColor": "#000",
        "borderRadius": 12,
        "flexDirection": "row",
        "height": 64,
        "justifyContent": "center",
        "paddingLeft": 24,
        "paddingRight": 24,
      },
      undefined,
    ]
  }
>
  <RNSVGSvgView
    align="xMidYMid"
    bbHeight="24"
    bbWidth="24"
    fill="none"
    focusable={false}
    height="24"
    meetOrSlice={0}
    minX={0}
    minY={0}
    style={
      [
        {
          "backgroundColor": "transparent",
          "borderWidth": 0,
        },
        [
          {
            "color": "#fff",
          },
          {
            "transform": [
              {
                "rotate": "180deg",
              },
            ],
          },
          undefined,
        ],
        {
          "flex": 0,
          "height": 24,
          "width": 24,
        },
      ]
    }
    tintColor="#fff"
    vbHeight={24}
    vbWidth={24}
    width="24"
  >
    <RNSVGGroup
      fill={null}
      propList={
        [
          "fill",
        ]
      }
    >
      <RNSVGPath
        clipRule={0}
        d="M9.29289 5.29289C9.68342 4.90237 10.3166 4.90237 10.7071 5.29289L16.7071 11.2929C17.0976 11.6834 17.0976 12.3166 16.7071 12.7071L10.7071 18.7071C10.3166 19.0976 9.68342 19.0976 9.29289 18.7071C8.90237 18.3166 8.90237 17.6834 9.29289 17.2929L14.5858 12L9.29289 6.70711C8.90237 6.31658 8.90237 5.68342 9.29289 5.29289Z"
        fill={
          {
            "type": 2,
          }
        }
        fillRule={0}
        propList={
          [
            "fill",
            "fillRule",
          ]
        }
      />
    </RNSVGGroup>
  </RNSVGSvgView>
  <Text
    style={
      [
        {
          "color": "#fff",
          "fontFamily": "YoungSerif-Regular",
          "fontSize": 16,
          "lineHeight": 16,
        },
        undefined,
      ]
    }
  >
    Back
  </Text>
</View>
`;
